$ umask 022 && mkdir -p "/home/benji/Downloads/AetherAI-v0.1.8/tools/rust/x86_64-unknown-linux-gnu/lib/rustlib"
$ echo "3" > "/home/benji/Downloads/AetherAI-v0.1.8/tools/rust/x86_64-unknown-linux-gnu/lib/rustlib/rust-installer-version"
install: creating uninstall script at /home/benji/Downloads/AetherAI-v0.1.8/tools/rust/x86_64-unknown-linux-gnu/lib/rustlib/uninstall.sh
$ cp /tmp/tmp.TV5f6JLgZZ/unpack/clippy-1.98.0-x86_64-unknown-linux-gnu/install.sh /home/benji/Downloads/AetherAI-v0.1.8/tools/rust/x86_64-unknown-linux-gnu/lib/rustlib/uninstall.sh
install: installing component 'clippy-preview'
$ echo "clippy-preview" >> "/home/benji/Downloads/AetherAI-v0.1.8/tools/rust/x86_64-unknown-linux-gnu/lib/rustlib/components"
$ umask 022 && mkdir -p "/home/benji/Downloads/AetherAI-v0.1.8/tools/rust/x86_64-unknown-linux-gnu/bin"
install: copying file /home/benji/Downloads/AetherAI-v0.1.8/tools/rust/x86_64-unknown-linux-gnu/bin/cargo-clippy
$ cp /tmp/tmp.TV5f6JLgZZ/unpack/clippy-1.98.0-x86_64-unknown-linux-gnu/clippy-preview/bin/cargo-clippy /home/benji/Downloads/AetherAI-v0.1.8/tools/rust/x86_64-unknown-linux-gnu/bin/cargo-clippy
$ chmod 755 /home/benji/Downloads/AetherAI-v0.1.8/tools/rust/x86_64-unknown-linux-gnu/bin/cargo-clippy
$ echo "file:/home/benji/Downloads/AetherAI-v0.1.8/tools/rust/x86_64-unknown-linux-gnu/bin/cargo-clippy" >> "/home/benji/Downloads/AetherAI-v0.1.8/tools/rust/x86_64-unknown-linux-gnu/lib/rustlib/manifest-clippy-preview"
$ umask 022 && mkdir -p "/home/benji/Downloads/AetherAI-v0.1.8/tools/rust/x86_64-unknown-linux-gnu/bin"
install: copying file /home/benji/Downloads/AetherAI-v0.1.8/tools/rust/x86_64-unknown-linux-gnu/bin/clippy-driver
$ cp /tmp/tmp.TV5f6JLgZZ/unpack/clippy-1.98.0-x86_64-unknown-linux-gnu/clippy-preview/bin/clippy-driver /home/benji/Downloads/AetherAI-v0.1.8/tools/rust/x86_64-unknown-linux-gnu/bin/clippy-driver
$ chmod 755 /home/benji/Downloads/AetherAI-v0.1.8/tools/rust/x86_64-unknown-linux-gnu/bin/clippy-driver
$ echo "file:/home/benji/Downloads/AetherAI-v0.1.8/tools/rust/x86_64-unknown-linux-gnu/bin/clippy-driver" >> "/home/benji/Downloads/AetherAI-v0.1.8/tools/rust/x86_64-unknown-linux-gnu/lib/rustlib/manifest-clippy-preview"
$ umask 022 && mkdir -p "/home/benji/Downloads/AetherAI-v0.1.8/tools/rust/x86_64-unknown-linux-gnu/share/doc/clippy"
install: copying file /home/benji/Downloads/AetherAI-v0.1.8/tools/rust/x86_64-unknown-linux-gnu/share/doc/clippy/LICENSE-APACHE
$ cp /tmp/tmp.TV5f6JLgZZ/unpack/clippy-1.98.0-x86_64-unknown-linux-gnu/clippy-preview/share/doc/clippy/LICENSE-APACHE /home/benji/Downloads/AetherAI-v0.1.8/tools/rust/x86_64-unknown-linux-gnu/share/doc/clippy/LICENSE-APACHE
$ chmod 644 /home/benji/Downloads/AetherAI-v0.1.8/tools/rust/x86_64-unknown-linux-gnu/share/doc/clippy/LICENSE-APACHE
$ echo "file:/home/benji/Downloads/AetherAI-v0.1.8/tools/rust/x86_64-unknown-linux-gnu/share/doc/clippy/LICENSE-APACHE" >> "/home/benji/Downloads/AetherAI-v0.1.8/tools/rust/x86_64-unknown-linux-gnu/lib/rustlib/manifest-clippy-preview"
$ umask 022 && mkdir -p "/home/benji/Downloads/AetherAI-v0.1.8/tools/rust/x86_64-unknown-linux-gnu/share/doc/clippy"
install: copying file /home/benji/Downloads/AetherAI-v0.1.8/tools/rust/x86_64-unknown-linux-gnu/share/doc/clippy/LICENSE-MIT
$ cp /tmp/tmp.TV5f6JLgZZ/unpack/clippy-1.98.0-x86_64-unknown-linux-gnu/clippy-preview/share/doc/clippy/LICENSE-MIT /home/benji/Downloads/AetherAI-v0.1.8/tools/rust/x86_64-unknown-linux-gnu/share/doc/clippy/LICENSE-MIT
$ chmod 644 /home/benji/Downloads/AetherAI-v0.1.8/tools/rust/x86_64-unknown-linux-gnu/share/doc/clippy/LICENSE-MIT
$ echo "file:/home/benji/Downloads/AetherAI-v0.1.8/tools/rust/x86_64-unknown-linux-gnu/share/doc/clippy/LICENSE-MIT" >> "/home/benji/Downloads/AetherAI-v0.1.8/tools/rust/x86_64-unknown-linux-gnu/lib/rustlib/manifest-clippy-preview"
$ umask 022 && mkdir -p "/home/benji/Downloads/AetherAI-v0.1.8/tools/rust/x86_64-unknown-linux-gnu/share/doc/clippy"
install: copying file /home/benji/Downloads/AetherAI-v0.1.8/tools/rust/x86_64-unknown-linux-gnu/share/doc/clippy/README.md
$ cp /tmp/tmp.TV5f6JLgZZ/unpack/clippy-1.98.0-x86_64-unknown-linux-gnu/clippy-preview/share/doc/clippy/README.md /home/benji/Downloads/AetherAI-v0.1.8/tools/rust/x86_64-unknown-linux-gnu/share/doc/clippy/README.md
$ chmod 644 /home/benji/Downloads/AetherAI-v0.1.8/tools/rust/x86_64-unknown-linux-gnu/share/doc/clippy/README.md
$ echo "file:/home/benji/Downloads/AetherAI-v0.1.8/tools/rust/x86_64-unknown-linux-gnu/share/doc/clippy/README.md" >> "/home/benji/Downloads/AetherAI-v0.1.8/tools/rust/x86_64-unknown-linux-gnu/lib/rustlib/manifest-clippy-preview"
